........................................................................ [ 37%]
........................................................................ [ 74%]
.......s.ss.......................................                       [100%]
191 passed, 3 skipped, 2 warnings in 8.54s
